<?xml version="1.0"?>
<testsuites>
  <testsuite name="Chrome 38.0.2125 (Windows Vista)" package="" timestamp="2014-09-21T11:44:26" id="0" hostname="vietduc1441" tests="0" errors="1" failures="0" time="0">
    <properties>
      <property name="browser.fullName" value="Mozilla/5.0 (Windows NT 6.0) AppleWebKit/537.36 (KHTML, like Gecko) Chrome/38.0.2125.24 Safari/537.36"/>
    </properties>
    <system-out><![CDATA[Chrome 38.0.2125 (Windows Vista) LOG: ERROR
 'There is no timestamp for /base/VizEditor/widget/module/widget/module/vizApp.test.js!',Chrome 38.0.2125 (Windows Vista) LOG: ERROR
 'There is no timestamp for /absoluteC:/Users/vietduc1441/Documents/My Dropbox/Public/VizEditor/Unit Test/widget/module/vizApp.test!',Chrome 38.0.2125 (Windows Vista) ERROR
	Uncaught Error: Script error for: widget/module/vizApp.test
	http://requirejs.org/docs/errors.html#scripterror
	at C:/Users/vietduc1441/Documents/My%20Dropbox/Public/VizEditor/node_modules/requirejs/require.js:141
,Chrome 38.0.2125 (Windows Vista) ERROR
	Uncaught Error: Script error for: /absoluteC:/Users/vietduc1441/Documents/My Dropbox/Public/VizEditor/Unit Test/widget/module/vizApp.test
	http://requirejs.org/docs/errors.html#scripterror
	at C:/Users/vietduc1441/Documents/My%20Dropbox/Public/VizEditor/node_modules/requirejs/require.js:141

]]></system-out>
    <system-err/>
  </testsuite>
</testsuites>
